// Jest Snapshot v1, https://goo.gl/fbAQLP

exports[`Confirm page renders correctly 1`] = `
<View
  style={
    Array [
      Object {
        "flex": 1,
        "padding": 20,
      },
      Object {
        "flexDirection": "column",
      },
    ]
  }
>
  <View
    style={
      Object {
        "alignItems": "center",
        "flex": 3,
        "justifyContent": "center",
      }
    }
  >
    <View
      forwardedRef={[Function]}
      style={
        Object {
          "opacity": 0,
        }
      }
    >
      <Image
        source={
          Object {
            "testUri": "../../../assets/icons/check.png",
          }
        }
        style={
          Object {
            "height": 312.156,
            "width": 312.156,
          }
        }
      />
    </View>
  </View>
  <View
    style={
      Object {
        "flex": 2,
      }
    }
  >
    <View
      forwardedRef={[Function]}
      style={
        Object {
          "opacity": 0,
        }
      }
    >
      <Text
        style={
          Object {
            "color": "#00BFA6",
            "fontSize": 30,
            "fontWeight": "500",
            "padding": 10,
            "textAlign": "center",
          }
        }
      >
        DELETED
      </Text>
      <Text
        style={
          Object {
            "color": "black",
            "fontSize": 25,
            "padding": 10,
            "textAlign": "center",
          }
        }
      >
        You have successfully deleted your appointment.
      </Text>
    </View>
  </View>
  <View
    style={
      Object {
        "flex": 1,
      }
    }
  >
    <View
      forwardedRef={[Function]}
      style={
        Object {
          "alignItems": "center",
          "opacity": 0,
          "transform": Array [
            Object {
              "translateX": -100,
            },
          ],
        }
      }
    >
      <View
        accessible={true}
        focusable={true}
        onClick={[Function]}
        onResponderGrant={[Function]}
        onResponderMove={[Function]}
        onResponderRelease={[Function]}
        onResponderTerminate={[Function]}
        onResponderTerminationRequest={[Function]}
        onStartShouldSetResponder={[Function]}
        style={
          Object {
            "opacity": 1,
          }
        }
      >
        <View
          data-testid="button"
          style={
            Array [
              Object {
                "alignItems": "center",
                "borderRadius": 20,
                "elevation": 3,
                "justifyContent": "center",
                "marginTop": 20,
                "paddingHorizontal": 30,
                "paddingVertical": 10,
              },
              Object {
                "backgroundColor": "#00BFA6",
                "width": undefined,
              },
            ]
          }
        >
          <Text
            style={
              Object {
                "color": "white",
                "fontSize": 16,
                "fontWeight": "bold",
                "letterSpacing": 0.25,
                "lineHeight": 21,
              }
            }
          >
            BACK TO APPOINTMENTS
          </Text>
        </View>
      </View>
    </View>
  </View>
</View>
`;
